
 RUN  v4.1.11 /workspace/manaratak-section01-baseline

 ❯ apps/api/tests/presentation/audit/AdminMutationAuditHooks.spec.ts (11 tests | 3 failed | 8 skipped) 84ms
       × POST /definitions creates audit record 57ms
       × POST /assignments/rollback creates audit record 12ms
       × primary operation succeeds even if auditRepo.save fails 9ms

⎯⎯⎯⎯⎯⎯⎯ Failed Tests 3 ⎯⎯⎯⎯⎯⎯⎯

 FAIL  apps/api/tests/presentation/audit/AdminMutationAuditHooks.spec.ts > Phase 05 Slice 2: Admin Mutation Audit Hooks > SettingsAdminRouter Audit Hooks > POST /definitions creates audit record
AssertionError: expected +0 to be 1 // Object.is equality

- Expected
+ Received

- 1
+ 0

 ❯ apps/api/tests/presentation/audit/AdminMutationAuditHooks.spec.ts:170:30
    168|       expect(res.status).toBe(201);
    169|       const records = getRecords();
    170|       expect(records.length).toBe(1);
       |                              ^
    171|       expect(records[0].getAction().getValue()).toBe('CREATE_SETTING_D…
    172|       expect(records[0].getTarget().getTargetType()).toBe('SETTING_DEF…

⎯⎯⎯⎯⎯⎯⎯⎯⎯⎯⎯⎯⎯⎯⎯⎯⎯⎯⎯⎯⎯⎯⎯⎯[1/3]⎯

 FAIL  apps/api/tests/presentation/audit/AdminMutationAuditHooks.spec.ts > Phase 05 Slice 2: Admin Mutation Audit Hooks > SettingsAdminRouter Audit Hooks > POST /assignments/rollback creates audit record
AssertionError: expected +0 to be 1 // Object.is equality

- Expected
+ Received

- 1
+ 0

 ❯ apps/api/tests/presentation/audit/AdminMutationAuditHooks.spec.ts:184:30
    182|       expect(res.status).toBe(200);
    183|       const records = getRecords();
    184|       expect(records.length).toBe(1);
       |                              ^
    185|       expect(records[0].getAction().getValue()).toBe('ROLLBACK_SETTING…
    186|     });

⎯⎯⎯⎯⎯⎯⎯⎯⎯⎯⎯⎯⎯⎯⎯⎯⎯⎯⎯⎯⎯⎯⎯⎯[2/3]⎯

 FAIL  apps/api/tests/presentation/audit/AdminMutationAuditHooks.spec.ts > Phase 05 Slice 2: Admin Mutation Audit Hooks > Non-blocking Audit Behavior & Secret Redaction > primary operation succeeds even if auditRepo.save fails
AssertionError: expected "vi.fn()" to be called at least once
 ❯ apps/api/tests/presentation/audit/AdminMutationAuditHooks.spec.ts:385:32
    383|       expect(res.status).toBe(201);
    384|       expect(mockManageSettingsUseCase.createDefinition).toHaveBeenCal…
    385|       expect(failingRepo.save).toHaveBeenCalled();
       |                                ^
    386|     });
    387|   });

⎯⎯⎯⎯⎯⎯⎯⎯⎯⎯⎯⎯⎯⎯⎯⎯⎯⎯⎯⎯⎯⎯⎯⎯[3/3]⎯


 Test Files  1 failed (1)
      Tests  3 failed | 8 skipped (11)
   Start at  21:40:35
   Duration  5.78s (transform 3.57s, setup 0ms, import 5.51s, tests 84ms, environment 0ms)
