
> manaratak-2.0-monorepo@0.0.0 architecture:persistence:verify
> node scripts/architecture/verify-persistence-boundaries.mjs

FAIL new migration 20261009010000_eap_asset_reference_serialization missing MANARATAK_MIGRATION_OWNER
FAIL new migration 20261009010000_eap_asset_reference_serialization missing/invalid MANARATAK_MIGRATION_SCOPE
FAIL new migration 20261009010000_eap_asset_reference_serialization missing ADR-028 decision marker
FAIL new migration 20261009020000_eap_restore_operation_barrier missing MANARATAK_MIGRATION_OWNER
FAIL new migration 20261009020000_eap_restore_operation_barrier missing/invalid MANARATAK_MIGRATION_SCOPE
FAIL new migration 20261009020000_eap_restore_operation_barrier missing ADR-028 decision marker
FAIL new migration 20261009030000_eap_archive_operation_barrier missing MANARATAK_MIGRATION_OWNER
FAIL new migration 20261009030000_eap_archive_operation_barrier missing/invalid MANARATAK_MIGRATION_SCOPE
FAIL new migration 20261009030000_eap_archive_operation_barrier missing ADR-028 decision marker
FAIL new migration 20261009040000_settings_override_history missing MANARATAK_MIGRATION_OWNER
FAIL new migration 20261009040000_settings_override_history missing/invalid MANARATAK_MIGRATION_SCOPE
FAIL new migration 20261009040000_settings_override_history missing ADR-028 decision marker
FAIL new migration 20261009050000_settings_current_version_ownership missing MANARATAK_MIGRATION_OWNER
FAIL new migration 20261009050000_settings_current_version_ownership missing/invalid MANARATAK_MIGRATION_SCOPE
FAIL new migration 20261009050000_settings_current_version_ownership missing ADR-028 decision marker
FAIL new migration 20261009060000_settings_definition_validation_rules missing MANARATAK_MIGRATION_OWNER
FAIL new migration 20261009060000_settings_definition_validation_rules missing/invalid MANARATAK_MIGRATION_SCOPE
FAIL new migration 20261009060000_settings_definition_validation_rules missing ADR-028 decision marker
PERSISTENCE_BOUNDARY_VERIFIER = FAIL 18 violation(s)
