
/workspace/manaratak-audit-main/apps/admin/src/pages/AuditCenterPage.tsx
  255:6  warning  React Hook useEffect has missing dependencies: 'initialFilters' and 'load'. Either include them or remove the dependency array  react-hooks/exhaustive-deps
  261:6  warning  React Hook useEffect has a missing dependency: 'selected'. Either include it or remove the dependency array                     react-hooks/exhaustive-deps

/workspace/manaratak-audit-main/apps/admin/src/pages/ScholarshipCatalogDetailPage.tsx
   319:6   warning  React Hook useEffect has a missing dependency: 'load'. Either include it or remove the dependency array  react-hooks/exhaustive-deps
  1046:73  warning  Unexpected any. Specify a different type                                                                 @typescript-eslint/no-explicit-any
  1345:77  warning  Unexpected any. Specify a different type                                                                 @typescript-eslint/no-explicit-any
  1436:71  warning  Unexpected any. Specify a different type                                                                 @typescript-eslint/no-explicit-any

/workspace/manaratak-audit-main/apps/api/src/presentation/api/router/ScholarshipAdminRouter.ts
  838:22  warning  Unexpected any. Specify a different type                                @typescript-eslint/no-explicit-any
  838:56  warning  'next' is defined but never used. Allowed unused args must match /^_/u  @typescript-eslint/no-unused-vars

/workspace/manaratak-audit-main/apps/api/src/presentation/audit/AuditHelper.ts
  14:29  warning  Unexpected any. Specify a different type  @typescript-eslint/no-explicit-any
  15:11  warning  Unexpected any. Specify a different type  @typescript-eslint/no-explicit-any
  60:42  warning  Unexpected any. Specify a different type  @typescript-eslint/no-explicit-any

/workspace/manaratak-audit-main/packages/infrastructure/src/audit/PrismaAuditRecordRepository.ts
   86:48  warning  Unexpected any. Specify a different type  @typescript-eslint/no-explicit-any
  175:21  warning  Unexpected any. Specify a different type  @typescript-eslint/no-explicit-any
  194:40  warning  Unexpected any. Specify a different type  @typescript-eslint/no-explicit-any
  204:18  warning  Unexpected any. Specify a different type  @typescript-eslint/no-explicit-any
  210:35  warning  Unexpected any. Specify a different type  @typescript-eslint/no-explicit-any
  212:58  warning  Unexpected any. Specify a different type  @typescript-eslint/no-explicit-any
  228:18  warning  Unexpected any. Specify a different type  @typescript-eslint/no-explicit-any
  289:40  warning  Unexpected any. Specify a different type  @typescript-eslint/no-explicit-any
  358:40  warning  Unexpected any. Specify a different type  @typescript-eslint/no-explicit-any
  359:18  warning  Unexpected any. Specify a different type  @typescript-eslint/no-explicit-any

✖ 21 problems (0 errors, 21 warnings)
