
/workspace/manaratak-audit-main/apps/admin/src/pages/AssetAdminPage.tsx
  174:34  warning  The ref value 'generationRef.current' will likely have changed by the time this effect cleanup function runs. If this ref points to a node rendered by React, copy 'generationRef.current' to a variable inside the effect, and use that variable in the cleanup function                react-hooks/exhaustive-deps
  174:66  warning  The ref value 'detailsGenerationRef.current' will likely have changed by the time this effect cleanup function runs. If this ref points to a node rendered by React, copy 'detailsGenerationRef.current' to a variable inside the effect, and use that variable in the cleanup function  react-hooks/exhaustive-deps
  175:6   warning  React Hook useEffect has a missing dependency: 'load'. Either include it or remove the dependency array                                                                                                                                                                                  react-hooks/exhaustive-deps

/workspace/manaratak-audit-main/packages/infrastructure/src/asset-platform/PrismaAssetRecordRepository.ts
   74:12   warning  Unexpected any. Specify a different type  @typescript-eslint/no-explicit-any
   86:12   warning  Unexpected any. Specify a different type  @typescript-eslint/no-explicit-any
   88:257  warning  Unexpected any. Specify a different type  @typescript-eslint/no-explicit-any
   89:19   warning  Unexpected any. Specify a different type  @typescript-eslint/no-explicit-any
   92:38   warning  Unexpected any. Specify a different type  @typescript-eslint/no-explicit-any
  128:34   warning  Unexpected any. Specify a different type  @typescript-eslint/no-explicit-any
  158:63   warning  Unexpected any. Specify a different type  @typescript-eslint/no-explicit-any
  180:96   warning  Unexpected any. Specify a different type  @typescript-eslint/no-explicit-any
  220:150  warning  Unexpected any. Specify a different type  @typescript-eslint/no-explicit-any
  263:157  warning  Unexpected any. Specify a different type  @typescript-eslint/no-explicit-any
  297:47   warning  Unexpected any. Specify a different type  @typescript-eslint/no-explicit-any
  299:47   warning  Unexpected any. Specify a different type  @typescript-eslint/no-explicit-any
  336:24   warning  Unexpected any. Specify a different type  @typescript-eslint/no-explicit-any
  336:40   warning  Unexpected any. Specify a different type  @typescript-eslint/no-explicit-any
  337:28   warning  Unexpected any. Specify a different type  @typescript-eslint/no-explicit-any
  337:44   warning  Unexpected any. Specify a different type  @typescript-eslint/no-explicit-any
  338:26   warning  Unexpected any. Specify a different type  @typescript-eslint/no-explicit-any
  338:42   warning  Unexpected any. Specify a different type  @typescript-eslint/no-explicit-any
  351:24   warning  Unexpected any. Specify a different type  @typescript-eslint/no-explicit-any
  351:40   warning  Unexpected any. Specify a different type  @typescript-eslint/no-explicit-any
  352:28   warning  Unexpected any. Specify a different type  @typescript-eslint/no-explicit-any
  352:44   warning  Unexpected any. Specify a different type  @typescript-eslint/no-explicit-any
  353:26   warning  Unexpected any. Specify a different type  @typescript-eslint/no-explicit-any
  353:42   warning  Unexpected any. Specify a different type  @typescript-eslint/no-explicit-any
  366:24   warning  Unexpected any. Specify a different type  @typescript-eslint/no-explicit-any
  366:40   warning  Unexpected any. Specify a different type  @typescript-eslint/no-explicit-any
  367:28   warning  Unexpected any. Specify a different type  @typescript-eslint/no-explicit-any
  367:44   warning  Unexpected any. Specify a different type  @typescript-eslint/no-explicit-any
  368:26   warning  Unexpected any. Specify a different type  @typescript-eslint/no-explicit-any
  368:42   warning  Unexpected any. Specify a different type  @typescript-eslint/no-explicit-any
  397:24   warning  Unexpected any. Specify a different type  @typescript-eslint/no-explicit-any
  412:18   warning  Unexpected any. Specify a different type  @typescript-eslint/no-explicit-any
  427:23   warning  Unexpected any. Specify a different type  @typescript-eslint/no-explicit-any
  474:40   warning  Unexpected any. Specify a different type  @typescript-eslint/no-explicit-any
  492:41   warning  Unexpected any. Specify a different type  @typescript-eslint/no-explicit-any
  578:41   warning  Unexpected any. Specify a different type  @typescript-eslint/no-explicit-any
  592:50   warning  Unexpected any. Specify a different type  @typescript-eslint/no-explicit-any

/workspace/manaratak-audit-main/packages/infrastructure/src/retention/PrismaAssetRetentionGateway.ts
  10:38  warning  Unexpected any. Specify a different type  @typescript-eslint/no-explicit-any
  11:26  warning  Unexpected any. Specify a different type  @typescript-eslint/no-explicit-any
  17:43  warning  Unexpected any. Specify a different type  @typescript-eslint/no-explicit-any
  41:43  warning  Unexpected any. Specify a different type  @typescript-eslint/no-explicit-any
  44:29  warning  Unexpected any. Specify a different type  @typescript-eslint/no-explicit-any

✖ 45 problems (0 errors, 45 warnings)

