✔ MNT-AUD-0030 runtime policy rejects missing/state/classification/owner violations (94.503751ms)
✔ MNT-AUD-0050 derived registry detects direct and CMS JSON usages and remains read-only (50.677052ms)
✔ MNT-AUD-0050 purge rejects in-use asset before storage deletion (54.622825ms)
✔ MNT-AUD-0030 consumer use cases fail closed when an AssetId is supplied without P05 policy (1.001731ms)
✔ MNT-AUD-0058 Service owner use case validates provider/package/pricing/slot invariants (242.977656ms)
✔ MNT-AUD-0058 Prisma booking transaction rechecks authority and consumes discount with optimistic CAS (53.953371ms)
✔ MNT-AUD-0058 exhausted discount fails before booking creation (55.311549ms)
✔ MNT-AUD-0055 career profile/application enforce active student and P05-owned CV/resume (36.571478ms)
✔ MNT-AUD-0055 alumni non-private visibility requires self-owned consent evidence (19.014322ms)
✔ MNT-AUD-0055 application lifecycle rejects invalid transitions and fences version (19.51041ms)
✔ MNT-AUD-0026 AssetReferencePolicy enforces owner, lifecycle, classification and MIME role (145.299993ms)
✔ MNT-AUD-0026 Admin Asset Center exposes governed query/detail/picker/preview/audit surfaces (1.732219ms)
✔ MNT-AUD-0026 shared governed selection is wired to Course, CMS, Certificate and Student avatar workflows (3.54178ms)
✔ MNT-AUD-0027 canonical Admin can create a native course and hand off to authoritative editor (0.724816ms)
✔ MNT-AUD-0033 public composition has no duplicate P23 visibility authority (1.127068ms)
ℹ tests 15
ℹ suites 0
ℹ pass 15
ℹ fail 0
ℹ cancelled 0
ℹ skipped 0
ℹ todo 0
ℹ duration_ms 2012.673701
