✔ MNT-AUD-0011 signed provider transport requires HTTPS and a strong signing secret (1.421843ms)
✔ MNT-AUD-0011 provider requests are body-bound, nonce/timestamp signed and base-path confined (35.152279ms)
✔ MNT-AUD-0011 lifecycle source makes sanitizer output canonical and forbids client-selected clean locators (0.947441ms)
✔ inventory discovers mounted mutations and refuses an unreviewed added route (86.346538ms)
✔ inventory detects changed permissions/classification and removed routes (14.448836ms)
✔ renamed Router variables cannot silently hide new mutations (6.24418ms)
✔ unresolved mounts and dynamic route paths fail closed (22.999253ms)
✔ global audit boundary must follow auth and idempotency and precede mounts (2.547028ms)
✔ new collisions between owner routers require a separate explicit review (5.603101ms)
✔ inline router construction retains its owner when cradle repositories are resolved (6.774682ms)
✔ MNT-AUD-0110 audit HTTP surface is read-only and persistence is append-only (2.096522ms)
✔ MNT-AUD-0106 authenticated Admin actor is server-owned and required (1.835649ms)
✔ MNT-AUD-0084 all Admin mutations are audited by default (0.415421ms)
ℹ tests 13
ℹ suites 0
ℹ pass 13
ℹ fail 0
ℹ cancelled 0
ℹ skipped 0
ℹ todo 0
ℹ duration_ms 1363.371504
