✔ MNT-AUD-0011 signed provider transport requires HTTPS and a strong signing secret (1.81485ms)
✔ MNT-AUD-0011 provider requests are body-bound, nonce/timestamp signed and base-path confined (40.62033ms)
✔ MNT-AUD-0011 lifecycle source makes sanitizer output canonical and forbids client-selected clean locators (0.7886ms)
✔ inventory discovers mounted mutations and refuses an unreviewed added route (124.40738ms)
✔ inventory detects changed permissions/classification and removed routes (17.511649ms)
✔ renamed Router variables cannot silently hide new mutations (7.467888ms)
✔ unresolved mounts and dynamic route paths fail closed (35.684384ms)
✔ global audit boundary must follow auth and idempotency and precede mounts (2.992823ms)
✔ new collisions between owner routers require a separate explicit review (5.793145ms)
✔ inline router construction retains its owner when cradle repositories are resolved (6.451519ms)
✔ MNT-AUD-0110 audit HTTP surface is read-only and persistence is append-only (2.183831ms)
✔ MNT-AUD-0106 authenticated Admin actor is server-owned and required (1.387653ms)
✔ MNT-AUD-0084 all Admin mutations are audited by default (0.324716ms)
ℹ tests 13
ℹ suites 0
ℹ pass 13
ℹ fail 0
ℹ cancelled 0
ℹ skipped 0
ℹ todo 0
ℹ duration_ms 1461.721003
