✔ MNT-AUD-0030 runtime policy rejects missing/state/classification/owner violations (118.91842ms)
✔ MNT-AUD-0050 derived registry detects direct and CMS JSON usages and remains read-only (40.512071ms)
✔ MNT-AUD-0050 purge rejects in-use asset before storage deletion (54.250759ms)
✔ MNT-AUD-0030 consumer use cases fail closed when an AssetId is supplied without P05 policy (1.907345ms)
✔ MNT-AUD-0058 Service owner use case validates provider/package/pricing/slot invariants (277.416419ms)
✔ MNT-AUD-0058 Prisma booking transaction rechecks authority and consumes discount with optimistic CAS (60.834051ms)
✔ MNT-AUD-0058 exhausted discount fails before booking creation (37.016341ms)
✔ MNT-AUD-0055 career profile/application enforce active student and P05-owned CV/resume (31.213333ms)
✔ MNT-AUD-0055 alumni non-private visibility requires self-owned consent evidence (31.570916ms)
✔ MNT-AUD-0055 application lifecycle rejects invalid transitions and fences version (28.617001ms)
✔ MNT-AUD-0026 AssetReferencePolicy enforces owner, lifecycle, classification and MIME role (249.267888ms)
✔ MNT-AUD-0026 Admin Asset Center exposes governed query/detail/picker/preview/audit surfaces (2.543268ms)
✔ MNT-AUD-0026 shared governed selection is wired to Course, CMS, Certificate and Student avatar workflows (11.441427ms)
✔ MNT-AUD-0027 canonical Admin can create a native course and hand off to authoritative editor (3.929684ms)
✔ MNT-AUD-0033 public composition has no duplicate P23 visibility authority (2.556587ms)
ℹ tests 15
ℹ suites 0
ℹ pass 15
ℹ fail 0
ℹ cancelled 0
ℹ skipped 0
ℹ todo 0
ℹ duration_ms 2345.123414
