
/workspace/manaratak-audit-main/apps/admin/src/pages/AssetAdminPage.tsx
  174:34  warning  The ref value 'generationRef.current' will likely have changed by the time this effect cleanup function runs. If this ref points to a node rendered by React, copy 'generationRef.current' to a variable inside the effect, and use that variable in the cleanup function                react-hooks/exhaustive-deps
  174:66  warning  The ref value 'detailsGenerationRef.current' will likely have changed by the time this effect cleanup function runs. If this ref points to a node rendered by React, copy 'detailsGenerationRef.current' to a variable inside the effect, and use that variable in the cleanup function  react-hooks/exhaustive-deps
  175:6   warning  React Hook useEffect has a missing dependency: 'load'. Either include it or remove the dependency array                                                                                                                                                                                  react-hooks/exhaustive-deps

/workspace/manaratak-audit-main/apps/api/src/presentation/api/router/AssetPlatformRouter.ts
   24:47   warning  Unexpected any. Specify a different type  @typescript-eslint/no-explicit-any
   24:70   warning  Unexpected any. Specify a different type  @typescript-eslint/no-explicit-any
   24:138  warning  Unexpected any. Specify a different type  @typescript-eslint/no-explicit-any
   24:152  warning  Unexpected any. Specify a different type  @typescript-eslint/no-explicit-any
   24:180  warning  Unexpected any. Specify a different type  @typescript-eslint/no-explicit-any
   24:194  warning  Unexpected any. Specify a different type  @typescript-eslint/no-explicit-any
   32:92   warning  Unexpected any. Specify a different type  @typescript-eslint/no-explicit-any
  148:65   warning  Unexpected any. Specify a different type  @typescript-eslint/no-explicit-any
  196:23   warning  Unexpected any. Specify a different type  @typescript-eslint/no-explicit-any
  223:23   warning  Unexpected any. Specify a different type  @typescript-eslint/no-explicit-any
  254:23   warning  Unexpected any. Specify a different type  @typescript-eslint/no-explicit-any
  284:23   warning  Unexpected any. Specify a different type  @typescript-eslint/no-explicit-any
  315:23   warning  Unexpected any. Specify a different type  @typescript-eslint/no-explicit-any
  345:23   warning  Unexpected any. Specify a different type  @typescript-eslint/no-explicit-any
  376:23   warning  Unexpected any. Specify a different type  @typescript-eslint/no-explicit-any
  407:23   warning  Unexpected any. Specify a different type  @typescript-eslint/no-explicit-any
  458:23   warning  Unexpected any. Specify a different type  @typescript-eslint/no-explicit-any
  488:23   warning  Unexpected any. Specify a different type  @typescript-eslint/no-explicit-any
  518:23   warning  Unexpected any. Specify a different type  @typescript-eslint/no-explicit-any
  548:23   warning  Unexpected any. Specify a different type  @typescript-eslint/no-explicit-any

/workspace/manaratak-audit-main/packages/infrastructure/src/asset-platform/PrismaAssetRecordRepository.ts
   73:12   warning  Unexpected any. Specify a different type  @typescript-eslint/no-explicit-any
   85:12   warning  Unexpected any. Specify a different type  @typescript-eslint/no-explicit-any
   87:157  warning  Unexpected any. Specify a different type  @typescript-eslint/no-explicit-any
   88:19   warning  Unexpected any. Specify a different type  @typescript-eslint/no-explicit-any
   91:38   warning  Unexpected any. Specify a different type  @typescript-eslint/no-explicit-any
  258:24   warning  Unexpected any. Specify a different type  @typescript-eslint/no-explicit-any
  258:40   warning  Unexpected any. Specify a different type  @typescript-eslint/no-explicit-any
  259:28   warning  Unexpected any. Specify a different type  @typescript-eslint/no-explicit-any
  259:44   warning  Unexpected any. Specify a different type  @typescript-eslint/no-explicit-any
  260:26   warning  Unexpected any. Specify a different type  @typescript-eslint/no-explicit-any
  260:42   warning  Unexpected any. Specify a different type  @typescript-eslint/no-explicit-any
  273:24   warning  Unexpected any. Specify a different type  @typescript-eslint/no-explicit-any
  273:40   warning  Unexpected any. Specify a different type  @typescript-eslint/no-explicit-any
  274:28   warning  Unexpected any. Specify a different type  @typescript-eslint/no-explicit-any
  274:44   warning  Unexpected any. Specify a different type  @typescript-eslint/no-explicit-any
  275:26   warning  Unexpected any. Specify a different type  @typescript-eslint/no-explicit-any
  275:42   warning  Unexpected any. Specify a different type  @typescript-eslint/no-explicit-any
  288:24   warning  Unexpected any. Specify a different type  @typescript-eslint/no-explicit-any
  288:40   warning  Unexpected any. Specify a different type  @typescript-eslint/no-explicit-any
  289:28   warning  Unexpected any. Specify a different type  @typescript-eslint/no-explicit-any
  289:44   warning  Unexpected any. Specify a different type  @typescript-eslint/no-explicit-any
  290:26   warning  Unexpected any. Specify a different type  @typescript-eslint/no-explicit-any
  290:42   warning  Unexpected any. Specify a different type  @typescript-eslint/no-explicit-any
  319:24   warning  Unexpected any. Specify a different type  @typescript-eslint/no-explicit-any
  334:18   warning  Unexpected any. Specify a different type  @typescript-eslint/no-explicit-any
  349:23   warning  Unexpected any. Specify a different type  @typescript-eslint/no-explicit-any
  390:40   warning  Unexpected any. Specify a different type  @typescript-eslint/no-explicit-any
  396:50   warning  Unexpected any. Specify a different type  @typescript-eslint/no-explicit-any
  462:41   warning  Unexpected any. Specify a different type  @typescript-eslint/no-explicit-any
  476:50   warning  Unexpected any. Specify a different type  @typescript-eslint/no-explicit-any

✖ 53 problems (0 errors, 53 warnings)

