UNREVIEWED_MUTATION:POST /admin/academic-taxonomy/imports/:id/apply @AcademicTaxonomyAdminRouter
UNREVIEWED_MUTATION:POST /admin/academic-taxonomy/imports/:id/refresh @AcademicTaxonomyAdminRouter
UNREVIEWED_MUTATION:POST /admin/academic-taxonomy/imports/:id/review @AcademicTaxonomyAdminRouter
UNREVIEWED_MUTATION:POST /admin/academic-taxonomy/imports/preview @AcademicTaxonomyAdminRouter
UNREVIEWED_MUTATION:POST /admin/academic-taxonomy/mappings/preview @AcademicTaxonomyAdminRouter
UNREVIEWED_MUTATION:PUT /admin/academic-taxonomy/nodes/:nodeId @AcademicTaxonomyAdminRouter
UNREVIEWED_MUTATION:POST /admin/academic-taxonomy/review/bulk @AcademicTaxonomyAdminRouter
UNREVIEWED_MUTATION:POST /admin/courses/:id/assessment-reviews/:attemptId/grade @CourseAdminRouter
UNREVIEWED_MUTATION:POST /admin/international-tests/:id/manual-names @InternationalTestAdminRouter
AUDIT_CONTRACT_CHANGED:POST /admin/international-tests/:id/mark-publishable @InternationalTestAdminRouter
UNREVIEWED_MUTATION:POST /admin/international-tests/:id/profile @InternationalTestAdminRouter
AUDIT_CONTRACT_CHANGED:POST /admin/international-tests/:id/publish @InternationalTestAdminRouter
UNREVIEWED_MUTATION:POST /admin/international-tests/:id/remove-relationship @InternationalTestAdminRouter
UNREVIEWED_MUTATION:POST /admin/international-tests/:id/review-block @InternationalTestAdminRouter
AUDIT_CONTRACT_CHANGED:POST /admin/international-tests/:id/review-source-names @InternationalTestAdminRouter
UNREVIEWED_MUTATION:POST /admin/international-tests/:id/review-transition @InternationalTestAdminRouter
UNREVIEWED_MUTATION:POST /admin/international-tests/:id/revoke-source @InternationalTestAdminRouter
AUDIT_CONTRACT_CHANGED:POST /admin/international-tests/:id/unpublish @InternationalTestAdminRouter
AUDIT_CONTRACT_CHANGED:POST /admin/international-tests/:id/verify-source @InternationalTestAdminRouter
AUDIT_CONTRACT_CHANGED:POST /admin/majors/:id/archive @MajorAdminRouter
AUDIT_CONTRACT_CHANGED:POST /admin/majors/:id/classification-mappings @MajorAdminRouter
AUDIT_CONTRACT_CHANGED:POST /admin/majors/:id/mark-publishable @MajorAdminRouter
AUDIT_CONTRACT_CHANGED:POST /admin/majors/:id/mark-ready @MajorAdminRouter
AUDIT_CONTRACT_CHANGED:POST /admin/majors/:id/publish @MajorAdminRouter
AUDIT_CONTRACT_CHANGED:POST /admin/majors/:id/reject @MajorAdminRouter
UNREVIEWED_MUTATION:POST /admin/majors/:id/review-graph @MajorAdminRouter
UNREVIEWED_MUTATION:POST /admin/majors/:id/review-version @MajorAdminRouter
AUDIT_CONTRACT_CHANGED:POST /admin/majors/:id/unpublish @MajorAdminRouter
UNREVIEWED_MUTATION:POST /admin/majors/:id/working-copy @MajorAdminRouter
AUDIT_CONTRACT_CHANGED:POST /admin/majors/new-candidates/:candidateKey/approve @MajorAdminRouter
AUDIT_CONTRACT_CHANGED:POST /admin/majors/new-candidates/:candidateKey/link @MajorAdminRouter
UNREVIEWED_MUTATION:POST /admin/majors/new-candidates/:candidateKey/reject @MajorAdminRouter
UNREVIEWED_MUTATION:POST /admin/reference-data/cities/:id/reconcile-country @ReferenceDataAdminRouter
UNREVIEWED_MUTATION:POST /admin/reference-data/governance/provider-mappings/reassign @ReferenceDataAdminRouter
UNREVIEWED_MUTATION:POST /admin/reference-data/owner-imports/:id/apply @ReferenceDataAdminRouter
UNREVIEWED_MUTATION:POST /admin/reference-data/owner-imports/:id/refresh @ReferenceDataAdminRouter
UNREVIEWED_MUTATION:POST /admin/reference-data/owner-imports/:id/review @ReferenceDataAdminRouter
UNREVIEWED_MUTATION:POST /admin/reference-data/owner-imports/preview @ReferenceDataAdminRouter
UNREVIEWED_MUTATION:POST /admin/reference-data/standards/snapshots @ReferenceDataAdminRouter
UNREVIEWED_MUTATION:POST /admin/reference-data/standards/snapshots/:id/review @ReferenceDataAdminRouter
ADMIN_MUTATION_AUDIT_COVERAGE=FAIL; handlers=369; uniqueEndpoints=368; owner validation/atomic adoption requires separate evidence
